2018/09/25 09:29:22 [error] 6#6: *1 open() "/usr/share/nginx/html/favicon.ico" failed (2: No such file or directory), client: 66.249.93.56, server: localhost, request: "GET /favicon.ico HTTP/1.1", host: "oscity.nl:5000"
2018/09/27 08:18:08 [error] 6#6: *3 open() "/usr/share/nginx/html/favicon.ico" failed (2: No such file or directory), client: 66.249.93.52, server: localhost, request: "GET /favicon.ico HTTP/1.1", host: "oscity.nl:5000"
2018/09/28 16:56:50 [error] 6#6: *7 open() "/usr/share/nginx/html/favicon.ico" failed (2: No such file or directory), client: 66.249.93.52, server: localhost, request: "GET /favicon.ico HTTP/1.1", host: "oscity.nl:5000"
2018/12/17 14:48:17 [emerg] 1#1: SSL_CTX_use_PrivateKey_file("/certs/decodee.amsterdam/privkey.pem") failed (SSL: error:02001002:system library:fopen:No such file or directory:fopen('/certs/decodee.amsterdam/privkey.pem','r') error:20074002:BIO routines:file_ctrl:system lib error:140B0002:SSL routines:SSL_CTX_use_PrivateKey_file:system lib)
2018/12/17 14:50:27 [emerg] 1#1: SSL_CTX_use_PrivateKey_file("/certs/decodee.amsterdam/privkey.pem") failed (SSL: error:02001002:system library:fopen:No such file or directory:fopen('/certs/decodee.amsterdam/privkey.pem','r') error:20074002:BIO routines:file_ctrl:system lib error:140B0002:SSL routines:SSL_CTX_use_PrivateKey_file:system lib)
2018/12/17 14:50:30 [emerg] 1#1: SSL_CTX_use_PrivateKey_file("/certs/decodee.amsterdam/privkey.pem") failed (SSL: error:02001002:system library:fopen:No such file or directory:fopen('/certs/decodee.amsterdam/privkey.pem','r') error:20074002:BIO routines:file_ctrl:system lib error:140B0002:SSL routines:SSL_CTX_use_PrivateKey_file:system lib)
2018/12/17 14:50:31 [emerg] 1#1: SSL_CTX_use_PrivateKey_file("/certs/decodee.amsterdam/privkey.pem") failed (SSL: error:02001002:system library:fopen:No such file or directory:fopen('/certs/decodee.amsterdam/privkey.pem','r') error:20074002:BIO routines:file_ctrl:system lib error:140B0002:SSL routines:SSL_CTX_use_PrivateKey_file:system lib)
2018/12/17 14:50:33 [emerg] 1#1: SSL_CTX_use_PrivateKey_file("/certs/decodee.amsterdam/privkey.pem") failed (SSL: error:02001002:system library:fopen:No such file or directory:fopen('/certs/decodee.amsterdam/privkey.pem','r') error:20074002:BIO routines:file_ctrl:system lib error:140B0002:SSL routines:SSL_CTX_use_PrivateKey_file:system lib)
2018/12/17 14:50:35 [emerg] 1#1: SSL_CTX_use_PrivateKey_file("/certs/decodee.amsterdam/privkey.pem") failed (SSL: error:02001002:system library:fopen:No such file or directory:fopen('/certs/decodee.amsterdam/privkey.pem','r') error:20074002:BIO routines:file_ctrl:system lib error:140B0002:SSL routines:SSL_CTX_use_PrivateKey_file:system lib)
2018/12/17 14:50:37 [emerg] 1#1: SSL_CTX_use_PrivateKey_file("/certs/decodee.amsterdam/privkey.pem") failed (SSL: error:02001002:system library:fopen:No such file or directory:fopen('/certs/decodee.amsterdam/privkey.pem','r') error:20074002:BIO routines:file_ctrl:system lib error:140B0002:SSL routines:SSL_CTX_use_PrivateKey_file:system lib)
2018/12/17 14:50:39 [emerg] 1#1: SSL_CTX_use_PrivateKey_file("/certs/decodee.amsterdam/privkey.pem") failed (SSL: error:02001002:system library:fopen:No such file or directory:fopen('/certs/decodee.amsterdam/privkey.pem','r') error:20074002:BIO routines:file_ctrl:system lib error:140B0002:SSL routines:SSL_CTX_use_PrivateKey_file:system lib)
2018/12/17 14:50:41 [emerg] 1#1: SSL_CTX_use_PrivateKey_file("/certs/decodee.amsterdam/privkey.pem") failed (SSL: error:02001002:system library:fopen:No such file or directory:fopen('/certs/decodee.amsterdam/privkey.pem','r') error:20074002:BIO routines:file_ctrl:system lib error:140B0002:SSL routines:SSL_CTX_use_PrivateKey_file:system lib)
2018/12/17 14:50:42 [emerg] 1#1: SSL_CTX_use_PrivateKey_file("/certs/decodee.amsterdam/privkey.pem") failed (SSL: error:02001002:system library:fopen:No such file or directory:fopen('/certs/decodee.amsterdam/privkey.pem','r') error:20074002:BIO routines:file_ctrl:system lib error:140B0002:SSL routines:SSL_CTX_use_PrivateKey_file:system lib)
2018/12/17 14:50:44 [emerg] 1#1: SSL_CTX_use_PrivateKey_file("/certs/decodee.amsterdam/privkey.pem") failed (SSL: error:02001002:system library:fopen:No such file or directory:fopen('/certs/decodee.amsterdam/privkey.pem','r') error:20074002:BIO routines:file_ctrl:system lib error:140B0002:SSL routines:SSL_CTX_use_PrivateKey_file:system lib)
2018/12/17 14:50:47 [emerg] 1#1: SSL_CTX_use_PrivateKey_file("/certs/decodee.amsterdam/privkey.pem") failed (SSL: error:02001002:system library:fopen:No such file or directory:fopen('/certs/decodee.amsterdam/privkey.pem','r') error:20074002:BIO routines:file_ctrl:system lib error:140B0002:SSL routines:SSL_CTX_use_PrivateKey_file:system lib)
2018/12/17 14:50:51 [emerg] 1#1: SSL_CTX_use_PrivateKey_file("/certs/decodee.amsterdam/privkey.pem") failed (SSL: error:02001002:system library:fopen:No such file or directory:fopen('/certs/decodee.amsterdam/privkey.pem','r') error:20074002:BIO routines:file_ctrl:system lib error:140B0002:SSL routines:SSL_CTX_use_PrivateKey_file:system lib)
2018/12/17 14:50:59 [emerg] 1#1: SSL_CTX_use_PrivateKey_file("/certs/decodee.amsterdam/privkey.pem") failed (SSL: error:02001002:system library:fopen:No such file or directory:fopen('/certs/decodee.amsterdam/privkey.pem','r') error:20074002:BIO routines:file_ctrl:system lib error:140B0002:SSL routines:SSL_CTX_use_PrivateKey_file:system lib)
2018/12/17 14:51:18 [error] 8#8: *1 open() "/usr/share/nginx/html/css/onboarding.5dc7059b.css" failed (2: No such file or directory), client: 84.241.195.126, server: localhost, request: "GET /css/onboarding.5dc7059b.css HTTP/1.1", host: "37.97.148.6", referrer: "http://37.97.148.6/scan"
2018/12/17 14:51:18 [error] 8#8: *2 open() "/usr/share/nginx/html/js/onboarding.33389130.js" failed (2: No such file or directory), client: 84.241.195.126, server: localhost, request: "GET /js/onboarding.33389130.js HTTP/1.1", host: "37.97.148.6", referrer: "http://37.97.148.6/scan"
2018/12/17 14:58:06 [error] 6#6: *3 open() "/usr/share/nginx/html/favicon.ico" failed (2: No such file or directory), client: 194.13.133.3, server: localhost, request: "GET /favicon.ico HTTP/1.1", host: "37.97.148.6", referrer: "http://37.97.148.6/"
2018/12/17 15:05:24 [error] 7#7: *6 open() "/usr/share/nginx/html/scan" failed (2: No such file or directory), client: 84.241.195.126, server: localhost, request: "GET /scan HTTP/1.1", host: "37.97.148.6"
2018/12/17 15:05:29 [error] 7#7: *6 open() "/usr/share/nginx/html/css/disclosure.825604a2.css" failed (2: No such file or directory), client: 84.241.195.126, server: localhost, request: "GET /css/disclosure.825604a2.css HTTP/1.1", host: "37.97.148.6", referrer: "http://37.97.148.6/scan"
2018/12/17 15:05:29 [error] 7#7: *10 open() "/usr/share/nginx/html/css/profile.909bc114.css" failed (2: No such file or directory), client: 84.241.195.126, server: localhost, request: "GET /css/profile.909bc114.css HTTP/1.1", host: "37.97.148.6", referrer: "http://37.97.148.6/scan"
2018/12/17 15:05:29 [error] 7#7: *9 open() "/usr/share/nginx/html/css/question.0029d067.css" failed (2: No such file or directory), client: 84.241.195.126, server: localhost, request: "GET /css/question.0029d067.css HTTP/1.1", host: "37.97.148.6", referrer: "http://37.97.148.6/scan"
2018/12/17 15:05:29 [error] 7#7: *11 open() "/usr/share/nginx/html/css/onboarding.5dc7059b.css" failed (2: No such file or directory), client: 84.241.195.126, server: localhost, request: "GET /css/onboarding.5dc7059b.css HTTP/1.1", host: "37.97.148.6", referrer: "http://37.97.148.6/scan"
2018/12/17 15:05:29 [error] 7#7: *12 open() "/usr/share/nginx/html/css/readQR.4e110f98.css" failed (2: No such file or directory), client: 84.241.195.126, server: localhost, request: "GET /css/readQR.4e110f98.css HTTP/1.1", host: "37.97.148.6", referrer: "http://37.97.148.6/scan"
2018/12/17 15:05:29 [error] 7#7: *13 open() "/usr/share/nginx/html/css/question~showQR.a31ef3b6.css" failed (2: No such file or directory), client: 84.241.195.126, server: localhost, request: "GET /css/question~showQR.a31ef3b6.css HTTP/1.1", host: "37.97.148.6", referrer: "http://37.97.148.6/scan"
2018/12/17 15:05:29 [error] 7#7: *10 open() "/usr/share/nginx/html/css/scan.739f8c92.css" failed (2: No such file or directory), client: 84.241.195.126, server: localhost, request: "GET /css/scan.739f8c92.css HTTP/1.1", host: "37.97.148.6", referrer: "http://37.97.148.6/scan"
2018/12/17 15:05:29 [error] 7#7: *11 open() "/usr/share/nginx/html/css/showQR.fe7caa5e.css" failed (2: No such file or directory), client: 84.241.195.126, server: localhost, request: "GET /css/showQR.fe7caa5e.css HTTP/1.1", host: "37.97.148.6", referrer: "http://37.97.148.6/scan"
2018/12/17 15:05:29 [error] 7#7: *9 open() "/usr/share/nginx/html/js/disclosure~onboarding~question~readQR~scan~showQR.7d7866f9.js" failed (2: No such file or directory), client: 84.241.195.126, server: localhost, request: "GET /js/disclosure~onboarding~question~readQR~scan~showQR.7d7866f9.js HTTP/1.1", host: "37.97.148.6", referrer: "http://37.97.148.6/scan"
2018/12/17 15:05:29 [error] 7#7: *12 open() "/usr/share/nginx/html/css/zenroom.dd93d1b4.css" failed (2: No such file or directory), client: 84.241.195.126, server: localhost, request: "GET /css/zenroom.dd93d1b4.css HTTP/1.1", host: "37.97.148.6", referrer: "http://37.97.148.6/scan"
2018/12/17 15:05:29 [error] 7#7: *13 open() "/usr/share/nginx/html/js/about.845b1c38.js" failed (2: No such file or directory), client: 84.241.195.126, server: localhost, request: "GET /js/about.845b1c38.js HTTP/1.1", host: "37.97.148.6", referrer: "http://37.97.148.6/scan"
2018/12/17 15:05:29 [error] 7#7: *10 open() "/usr/share/nginx/html/js/disclosure.27978116.js" failed (2: No such file or directory), client: 84.241.195.126, server: localhost, request: "GET /js/disclosure.27978116.js HTTP/1.1", host: "37.97.148.6", referrer: "http://37.97.148.6/scan"
2018/12/17 15:05:29 [error] 7#7: *6 open() "/usr/share/nginx/html/js/onboarding.33389130.js" failed (2: No such file or directory), client: 84.241.195.126, server: localhost, request: "GET /js/onboarding.33389130.js HTTP/1.1", host: "37.97.148.6", referrer: "http://37.97.148.6/scan"
2018/12/17 15:05:29 [error] 7#7: *9 open() "/usr/share/nginx/html/js/scan.37bb79ea.js" failed (2: No such file or directory), client: 84.241.195.126, server: localhost, request: "GET /js/scan.37bb79ea.js HTTP/1.1", host: "37.97.148.6", referrer: "http://37.97.148.6/scan"
2018/12/17 15:05:29 [error] 7#7: *11 open() "/usr/share/nginx/html/js/profile.1f01c0e9.js" failed (2: No such file or directory), client: 84.241.195.126, server: localhost, request: "GET /js/profile.1f01c0e9.js HTTP/1.1", host: "37.97.148.6", referrer: "http://37.97.148.6/scan"
2018/12/17 15:05:29 [error] 7#7: *12 open() "/usr/share/nginx/html/js/question.a075966a.js" failed (2: No such file or directory), client: 84.241.195.126, server: localhost, request: "GET /js/question.a075966a.js HTTP/1.1", host: "37.97.148.6", referrer: "http://37.97.148.6/scan"
2018/12/17 15:05:29 [error] 7#7: *13 open() "/usr/share/nginx/html/js/question~showQR.b4611d8d.js" failed (2: No such file or directory), client: 84.241.195.126, server: localhost, request: "GET /js/question~showQR.b4611d8d.js HTTP/1.1", host: "37.97.148.6", referrer: "http://37.97.148.6/scan"
2018/12/17 15:05:29 [error] 7#7: *10 open() "/usr/share/nginx/html/js/readQR.e5eea1cc.js" failed (2: No such file or directory), client: 84.241.195.126, server: localhost, request: "GET /js/readQR.e5eea1cc.js HTTP/1.1", host: "37.97.148.6", referrer: "http://37.97.148.6/scan"
2018/12/17 15:05:29 [error] 7#7: *9 open() "/usr/share/nginx/html/js/showQR.4bd88bd9.js" failed (2: No such file or directory), client: 84.241.195.126, server: localhost, request: "GET /js/showQR.4bd88bd9.js HTTP/1.1", host: "37.97.148.6", referrer: "http://37.97.148.6/scan"
2018/12/17 15:05:29 [error] 7#7: *11 open() "/usr/share/nginx/html/js/zenroom.bba3ecd1.js" failed (2: No such file or directory), client: 84.241.195.126, server: localhost, request: "GET /js/zenroom.bba3ecd1.js HTTP/1.1", host: "37.97.148.6", referrer: "http://37.97.148.6/scan"
2018/12/17 15:05:48 [warn] 7#7: *44 a client request body is buffered to a temporary file /var/cache/nginx/client_temp/0000000001, client: 194.13.133.3, server: api.decode.amsterdam, request: "POST /attach_encrypted_data HTTP/1.1", host: "api.decode.amsterdam"
2018/12/17 15:07:23 [error] 6#6: *1 recv() failed (104: Connection reset by peer) while reading response header from upstream, client: 84.241.195.126, server: api.decode.amsterdam, request: "GET /socket.io/?EIO=3&transport=polling&t=1545059240919-3 HTTP/1.1", upstream: "http://37.97.148.6:5005/socket.io/?EIO=3&transport=polling&t=1545059240919-3", host: "api.decode.amsterdam", referrer: "https://decode.amsterdam/profile"
2018/12/17 15:09:01 [warn] 6#6: *28 a client request body is buffered to a temporary file /var/cache/nginx/client_temp/0000000001, client: 194.13.133.3, server: api.decode.amsterdam, request: "POST /attach_encrypted_data HTTP/1.1", host: "api.decode.amsterdam"
2018/12/17 15:14:54 [error] 7#7: *1 recv() failed (104: Connection reset by peer) while reading response header from upstream, client: 84.241.195.126, server: api.decode.amsterdam, request: "GET /socket.io/?EIO=3&transport=polling&t=1545059693548-15 HTTP/1.1", upstream: "http://37.97.148.6:5005/socket.io/?EIO=3&transport=polling&t=1545059693548-15", host: "api.decode.amsterdam", referrer: "https://decode.amsterdam/profile"
2018/12/17 15:16:35 [warn] 7#7: *53 a client request body is buffered to a temporary file /var/cache/nginx/client_temp/0000000001, client: 194.13.133.3, server: api.decode.amsterdam, request: "POST /attach_encrypted_data HTTP/1.1", host: "api.decode.amsterdam"
2018/12/17 15:33:01 [error] 7#7: *97 upstream timed out (110: Connection timed out) while reading response header from upstream, client: 84.241.195.126, server: api.decode.amsterdam, request: "GET /socket.io/?EIO=3&transport=polling&t=1545060721368-6&sid=e4d24b18caa244849d109da97ea16720 HTTP/1.1", upstream: "http://37.97.148.6:5005/socket.io/?EIO=3&transport=polling&t=1545060721368-6&sid=e4d24b18caa244849d109da97ea16720", host: "api.decode.amsterdam", referrer: "https://decode.amsterdam/question"
2018/12/17 15:34:05 [error] 7#7: *97 upstream timed out (110: Connection timed out) while reading response header from upstream, client: 84.241.195.126, server: api.decode.amsterdam, request: "GET /socket.io/?EIO=3&transport=polling&t=1545060785068-9&sid=cebbf73f444a425885dd21e0fc1ca955 HTTP/1.1", upstream: "http://37.97.148.6:5005/socket.io/?EIO=3&transport=polling&t=1545060785068-9&sid=cebbf73f444a425885dd21e0fc1ca955", host: "api.decode.amsterdam", referrer: "https://decode.amsterdam/question"
2018/12/17 15:35:24 [warn] 7#7: *154 a client request body is buffered to a temporary file /var/cache/nginx/client_temp/0000000002, client: 194.13.133.3, server: api.decode.amsterdam, request: "POST /attach_encrypted_data HTTP/1.1", host: "api.decode.amsterdam"
2018/12/17 15:35:25 [error] 7#7: *97 upstream timed out (110: Connection timed out) while reading response header from upstream, client: 84.241.195.126, server: api.decode.amsterdam, request: "GET /socket.io/?EIO=3&transport=polling&t=1545060864622-12&sid=6e1d212d14ad49a9974debc16a6ab111 HTTP/1.1", upstream: "http://37.97.148.6:5005/socket.io/?EIO=3&transport=polling&t=1545060864622-12&sid=6e1d212d14ad49a9974debc16a6ab111", host: "api.decode.amsterdam", referrer: "https://decode.amsterdam/question"
2018/12/17 15:36:56 [error] 7#7: *174 recv() failed (104: Connection reset by peer) while reading response header from upstream, client: 194.13.133.3, server: api.decode.amsterdam, request: "GET /socket.io/?EIO=3&transport=polling&t=1545061015555-3 HTTP/1.1", upstream: "http://37.97.148.6:5005/socket.io/?EIO=3&transport=polling&t=1545061015555-3", host: "api.decode.amsterdam", referrer: "https://decode.amsterdam/scan"
2018/12/17 15:54:45 [emerg] 1#1: directive "if" has no opening "{" in /etc/nginx/conf.d/nginx.conf:60
2018/12/17 15:54:46 [emerg] 1#1: directive "if" has no opening "{" in /etc/nginx/conf.d/nginx.conf:60
2018/12/17 15:54:48 [emerg] 1#1: directive "if" has no opening "{" in /etc/nginx/conf.d/nginx.conf:60
2018/12/17 15:54:49 [emerg] 1#1: directive "if" has no opening "{" in /etc/nginx/conf.d/nginx.conf:60
2018/12/17 15:54:51 [emerg] 1#1: directive "if" has no opening "{" in /etc/nginx/conf.d/nginx.conf:60
2018/12/17 15:54:54 [emerg] 1#1: directive "if" has no opening "{" in /etc/nginx/conf.d/nginx.conf:60
2018/12/17 15:54:58 [emerg] 1#1: directive "if" has no opening "{" in /etc/nginx/conf.d/nginx.conf:60
2018/12/17 15:55:05 [emerg] 1#1: directive "if" has no opening "{" in /etc/nginx/conf.d/nginx.conf:60
2018/12/17 15:55:19 [emerg] 1#1: directive "if" has no opening "{" in /etc/nginx/conf.d/nginx.conf:60
2018/12/17 15:55:46 [emerg] 1#1: directive "if" has no opening "{" in /etc/nginx/conf.d/nginx.conf:60
2018/12/17 15:56:38 [emerg] 1#1: directive "if" has no opening "{" in /etc/nginx/conf.d/nginx.conf:60
2018/12/17 15:57:40 [emerg] 1#1: directive "if" has no opening "{" in /etc/nginx/conf.d/nginx.conf:60
2018/12/17 16:08:50 [error] 7#7: *1 recv() failed (104: Connection reset by peer) while reading response header from upstream, client: 194.13.133.3, server: api.decode.amsterdam, request: "GET /socket.io/?EIO=3&transport=polling&t=1545062930554-112 HTTP/1.1", upstream: "http://37.97.148.6:5005/socket.io/?EIO=3&transport=polling&t=1545062930554-112", host: "api.decode.amsterdam", referrer: "https://decode.amsterdam/question"
2018/12/17 17:12:50 [error] 6#6: *6 upstream timed out (110: Connection timed out) while reading response header from upstream, client: 31.161.188.26, server: api.decode.amsterdam, request: "GET /socket.io/?EIO=3&transport=polling&t=1545066696453-13&sid=a1d68e629a0d4af68481cd87be59b2c9 HTTP/1.1", upstream: "http://37.97.148.6:5005/socket.io/?EIO=3&transport=polling&t=1545066696453-13&sid=a1d68e629a0d4af68481cd87be59b2c9", host: "api.decode.amsterdam", referrer: "https://decode.amsterdam/question"
2018/12/17 17:13:22 [error] 6#6: *60 upstream timed out (110: Connection timed out) while reading response header from upstream, client: 31.161.188.26, server: api.decode.amsterdam, request: "GET /socket.io/?EIO=3&transport=polling&t=1545066728491-26&sid=51af2d8041894db2970c055a0f15fc06 HTTP/1.1", upstream: "http://37.97.148.6:5005/socket.io/?EIO=3&transport=polling&t=1545066728491-26&sid=51af2d8041894db2970c055a0f15fc06", host: "api.decode.amsterdam", referrer: "https://decode.amsterdam/question"
2018/12/17 17:13:53 [error] 6#6: *6 upstream timed out (110: Connection timed out) while reading response header from upstream, client: 31.161.188.26, server: api.decode.amsterdam, request: "GET /socket.io/?EIO=3&transport=polling&t=1545066759971-33&sid=2ecb78e928474ef685e30c9d8c108f69 HTTP/1.1", upstream: "http://37.97.148.6:5005/socket.io/?EIO=3&transport=polling&t=1545066759971-33&sid=2ecb78e928474ef685e30c9d8c108f69", host: "api.decode.amsterdam", referrer: "https://decode.amsterdam/question"
2018/12/17 17:14:21 [error] 6#6: *19 upstream timed out (110: Connection timed out) while reading response header from upstream, client: 31.161.188.26, server: api.decode.amsterdam, request: "GET /socket.io/?EIO=3&transport=polling&t=1545066787971-37&sid=12b5e0a083e344e5a437d295ff34e17e HTTP/1.1", upstream: "http://37.97.148.6:5005/socket.io/?EIO=3&transport=polling&t=1545066787971-37&sid=12b5e0a083e344e5a437d295ff34e17e", host: "api.decode.amsterdam", referrer: "https://decode.amsterdam/question"
2018/12/17 17:14:50 [error] 6#6: *60 upstream timed out (110: Connection timed out) while reading response header from upstream, client: 31.161.188.26, server: api.decode.amsterdam, request: "GET /socket.io/?EIO=3&transport=polling&t=1545066816977-41&sid=b8ea78ac22e14051819e21781b36cd2e HTTP/1.1", upstream: "http://37.97.148.6:5005/socket.io/?EIO=3&transport=polling&t=1545066816977-41&sid=b8ea78ac22e14051819e21781b36cd2e", host: "api.decode.amsterdam", referrer: "https://decode.amsterdam/question"
2018/12/17 17:15:38 [error] 6#6: *19 upstream timed out (110: Connection timed out) while reading response header from upstream, client: 31.161.188.26, server: api.decode.amsterdam, request: "GET /socket.io/?EIO=3&transport=polling&t=1545066864895-45&sid=6b4d9a9896b144dbb2d417278d8d47c7 HTTP/1.1", upstream: "http://37.97.148.6:5005/socket.io/?EIO=3&transport=polling&t=1545066864895-45&sid=6b4d9a9896b144dbb2d417278d8d47c7", host: "api.decode.amsterdam", referrer: "https://decode.amsterdam/question"
2018/12/17 17:18:42 [error] 6#6: *60 upstream timed out (110: Connection timed out) while reading response header from upstream, client: 31.161.188.26, server: api.decode.amsterdam, request: "GET /socket.io/?EIO=3&transport=polling&t=1545067048537-60&sid=000796bbf87d42938d61e7d4a236caca HTTP/1.1", upstream: "http://37.97.148.6:5005/socket.io/?EIO=3&transport=polling&t=1545067048537-60&sid=000796bbf87d42938d61e7d4a236caca", host: "api.decode.amsterdam", referrer: "https://decode.amsterdam/question"
2018/12/17 17:20:03 [error] 6#6: *60 upstream timed out (110: Connection timed out) while reading response header from upstream, client: 31.161.188.26, server: api.decode.amsterdam, request: "GET /socket.io/?EIO=3&transport=polling&t=1545067129365-63&sid=77c4fc939c7e4571b122a0dc6f97f869 HTTP/1.1", upstream: "http://37.97.148.6:5005/socket.io/?EIO=3&transport=polling&t=1545067129365-63&sid=77c4fc939c7e4571b122a0dc6f97f869", host: "api.decode.amsterdam", referrer: "https://decode.amsterdam/question"
2018/12/17 17:22:43 [error] 6#6: *60 upstream timed out (110: Connection timed out) while reading response header from upstream, client: 31.161.188.26, server: api.decode.amsterdam, request: "GET /socket.io/?EIO=3&transport=polling&t=1545067289488-69&sid=cfe3aebac1ef43cda90181dd8c3cd95e HTTP/1.1", upstream: "http://37.97.148.6:5005/socket.io/?EIO=3&transport=polling&t=1545067289488-69&sid=cfe3aebac1ef43cda90181dd8c3cd95e", host: "api.decode.amsterdam", referrer: "https://decode.amsterdam/question"
2018/12/17 17:26:21 [error] 6#6: *60 upstream timed out (110: Connection timed out) while reading response header from upstream, client: 31.161.188.26, server: api.decode.amsterdam, request: "GET /socket.io/?EIO=3&transport=polling&t=1545067507275-78&sid=3eabca6eb0094e00b839c45174977db7 HTTP/1.1", upstream: "http://37.97.148.6:5005/socket.io/?EIO=3&transport=polling&t=1545067507275-78&sid=3eabca6eb0094e00b839c45174977db7", host: "api.decode.amsterdam", referrer: "https://decode.amsterdam/question"
2018/12/17 17:26:52 [error] 6#6: *147 upstream timed out (110: Connection timed out) while reading response header from upstream, client: 31.161.188.26, server: api.decode.amsterdam, request: "GET /socket.io/?EIO=3&transport=polling&t=1545067538239-82&sid=177e5aea86524a90b5d7002adb1a2612 HTTP/1.1", upstream: "http://37.97.148.6:5005/socket.io/?EIO=3&transport=polling&t=1545067538239-82&sid=177e5aea86524a90b5d7002adb1a2612", host: "api.decode.amsterdam", referrer: "https://decode.amsterdam/question"
2018/12/17 17:43:50 [error] 7#7: *19 upstream timed out (110: Connection timed out) while reading response header from upstream, client: 31.161.188.26, server: api.decode.amsterdam, request: "GET /socket.io/?EIO=3&transport=polling&t=1545068556380-94&sid=2a6ff8b60bd74fdf868c360f015245d1 HTTP/1.1", upstream: "http://37.97.148.6:5005/socket.io/?EIO=3&transport=polling&t=1545068556380-94&sid=2a6ff8b60bd74fdf868c360f015245d1", host: "api.decode.amsterdam", referrer: "https://decode.amsterdam/question"
2018/12/17 17:44:19 [error] 7#7: *1 upstream timed out (110: Connection timed out) while reading response header from upstream, client: 31.161.188.26, server: api.decode.amsterdam, request: "GET /socket.io/?EIO=3&transport=polling&t=1545068585393-98&sid=5d3f0e6279f9439f835dcdf91f97b402 HTTP/1.1", upstream: "http://37.97.148.6:5005/socket.io/?EIO=3&transport=polling&t=1545068585393-98&sid=5d3f0e6279f9439f835dcdf91f97b402", host: "api.decode.amsterdam", referrer: "https://decode.amsterdam/question"
2018/12/17 17:47:31 [error] 7#7: *74 upstream timed out (110: Connection timed out) while reading response header from upstream, client: 31.161.188.26, server: api.decode.amsterdam, request: "GET /socket.io/?EIO=3&transport=polling&t=1545068777372-120&sid=8394ae5e65614cc9933750b78e593ff4 HTTP/1.1", upstream: "http://37.97.148.6:5005/socket.io/?EIO=3&transport=polling&t=1545068777372-120&sid=8394ae5e65614cc9933750b78e593ff4", host: "api.decode.amsterdam", referrer: "https://decode.amsterdam/question"
2018/12/17 17:49:19 [error] 7#7: *88 upstream timed out (110: Connection timed out) while reading response header from upstream, client: 46.17.24.2, server: api.decode.amsterdam, request: "GET /socket.io/?EIO=3&transport=polling&t=1545068899222-13&sid=a0370685d42740a0a51c93c3d2d68aea HTTP/1.1", upstream: "http://37.97.148.6:5005/socket.io/?EIO=3&transport=polling&t=1545068899222-13&sid=a0370685d42740a0a51c93c3d2d68aea", host: "api.decode.amsterdam", referrer: "https://decode.amsterdam/question"
